$m900000
RESERVE 100000
CLS
mem=MALLOC(256)         ! Buffer fr Tracker-Caches
IF mem>0 THEN
  xbs=500
  '
  loops=2000000    ! 2Mio Durchl„ufe
  PRINT "Durchlauf-Anzahl:";loops
  '
  a=XBIOS(xbs,306,L:mem,L:loops)
  mrs=LPEEK(mem+4)
  mre=LPEEK(mem+8)
  mwe=LPEEK(mem+12)
  hrs=LPEEK(mem+16)
  hre=LPEEK(mem+20)
  hwe=LPEEK(mem+24)
  regrs=LPEEK(mem+28)
  regre=LPEEK(mem+32)
  regwe=LPEEK(mem+36)
  fifors=LPEEK(mem+40)
  fifore=LPEEK(mem+44)
  fifowe=LPEEK(mem+48)
  PRINT
  PRINT "Timer:"
  PRINT "------"
  PRINT mrs,mre,mwe
  PRINT hrs,hre,hwe
  PRINT regrs,regre,regwe
  PRINT fifors,fifore,fifowe
  PRINT
  PRINT "ms gesamt:"
  PRINT "----------"
  mrd=mre-mrs
  mwd=mwe-mre
  hrd=hre-hrs
  hwd=hwe-hre
  regrd=regre-regrs
  regwd=regwe-regre
  fiford=fifore-fifors
  fifowd=fifowe-fifore
  PRINT "Memory_Read:",mrd*5,"Memory_Write:",mwd*5
  PRINT "DSP_Host_Read:",hrd*5,"DSP_Host_Write:",hwd*5
  PRINT "Register_Read:",regrd*5,"Register_Write:",regwd*5
  PRINT "FIFO_Read:",fiford*5,"FIFO_Write:",fifowd*5
  PRINT
  PRINT "ns je -Zugriff"
  PRINT "--------------"
  mrd=mrd*5000000/loops
  mwd=mwd*5000000/loops
  hrd=hrd*5000000/loops
  hwd=hwd*5000000/loops
  regrd=regrd*5000000/loops
  regwd=regwd*5000000/loops
  fiford=fiford*5000000/loops
  fifowd=fifowd*5000000/loops
  PRINT "Memory_Read:",mrd,"Memory_Write:",mwd
  PRINT "DSP_Host_Read:",hrd,"DSP_Host_Write:",hwd
  PRINT "Register_Read:",regrd,"Register_Write:",regwd
  PRINT "FIFO_Read:",fiford,"FIFO_Write:",fifowd
  PRINT
  PRINT "KB pro Sekunde"
  PRINT "--------------"
  mrd=INT((1000*1000*1000)/mrd)/1000
  mwd=INT((1000*1000*1000)/mwd)/1000
  hrd=INT((1000*1000*1000)/hrd)/1000
  hwd=INT((1000*1000*1000)/hwd)/1000
  regrd=INT((1000*1000*1000)/regrd)/1000
  regwd=INT((1000*1000*1000)/regwd)/1000
  fiford=INT((1000*1000*1000)/fiford)/1000
  fifowd=INT((1000*1000*1000)/fifowd)/1000
  PRINT "Memory_Read:",mrd,"Memory_Write:",mwd
  PRINT "DSP_Host_Read:",hrd,"DSP_Host_Write:",hwd
  PRINT "Register_Read:",regrd,"Register_Write:",regwd
  PRINT "FIFO_Read:",fiford,"FIFO_Write:",fifowd
ELSE
  PRINT "Speicher belegt"
ENDIF
REPEAT
UNTIL @mousek<>0
END
> FUNCTION mousek
$F%
LOCAL void&
~GRAF_MKSTATE(void&,void&,mk&,void&)
RETURN mk&
ENDFUNC
