REM Resource Datei Indizes fÅr STARMODE 
'LET MODE&=0 ! Formular/Dialog
LET MAINBOX&=0 ! BOX in Baum MODE 
LET MAINBOX2&=2 ! BOX in Baum MODE 
LET MATRIXBX&=3 ! BUTTON in Baum MODE 
LET CHNLTXT&=4 ! STRING in Baum MODE 
LET CHANNEL&=5 ! BOXTEXT in Baum MODE 
LET CHNLROT&=6 ! BOXCHAR in Baum MODE 
LET BITSTXT&=7 ! STRING in Baum MODE 
LET BITS&=8 ! BOXTEXT in Baum MODE 
LET BITSROT&=9 ! BOXCHAR in Baum MODE 
LET HZTXT&=10 ! STRING in Baum MODE 
LET HERTZ&=11 ! BOXTEXT in Baum MODE 
LET HERTZROT&=12 ! BOXCHAR in Baum MODE 
LET SYNCTXT&=13 ! STRING in Baum MODE 
LET SYNC&=14 ! BOXTEXT in Baum MODE 
LET SYNCROT&=15 ! BOXCHAR in Baum MODE 
LET MATSHOW&=16 ! BUTTON in Baum MODE 
LET COMPATBX&=17 ! BUTTON in Baum MODE 
LET DRAMTXT&=18 ! STRING in Baum MODE 
LET DSPRAM&=19 ! BOXTEXT in Baum MODE 
LET RAMROT&=20 ! BOXCHAR in Baum MODE 
LET EMULA&=21 ! BUTTON in Baum MODE 
LET COMPSHOW&=22 ! BUTTON in Baum MODE 
LET DEVBOX&=23 ! BUTTON in Baum MODE 
LET DEVINTXT&=24 ! STRING in Baum MODE 
LET DEVIN&=25 ! BOXTEXT in Baum MODE 
LET DEVINROT&=26 ! BOXCHAR in Baum MODE 
LET MONTXT&=27 ! STRING in Baum MODE 
LET MON&=28 ! BOXTEXT in Baum MODE 
LET MONROT&=29 ! BOXCHAR in Baum MODE 
LET RSTBOX&=30 ! BUTTON in Baum MODE 
LET UNLOCK&=31 ! BUTTON in Baum MODE 
LET MODEVOL&=32 ! BUTTON in Baum MODE 
LET MODEKICK&=33 ! BUTTON in Baum MODE 
LET MXBALBX&=34 ! BOX in Baum MODE 
LET MIXBALL&=35 ! TEXT in Baum MODE 
LET MIXBALR&=36 ! TEXT in Baum MODE 
LET MIXBALM&=37 ! TEXT in Baum MODE 
LET MIXBAL&=38 ! ICON in Baum MODE 
LET MIXBALP&=39 ! ICON in Baum MODE 
LET BALBOX&=40 ! ICON in Baum MODE 
LET BALANCE&=41 ! ICON in Baum MODE 
LET HELPMOD&=42 ! BOXTEXT in Baum MODE 
LET EXIT&=43 ! BUTTON in Baum MODE 
'LET DEVCO&=1 ! Formular/Dialog
LET DEVCOBX&=0 ! BOX in Baum DEVCO 
LET DEVCOBX2&=2 ! BOX in Baum DEVCO 
LET DEVCOBX1&=4 ! BOX in Baum DEVCO 
LET DMAP0&=5 ! BUTTON in Baum DEVCO 
LET XMITA0&=6 ! BUTTON in Baum DEVCO 
LET ADC0&=7 ! BUTTON in Baum DEVCO 
LET ADC1&=11 ! BUTTON in Baum DEVCO 
LET ADC2&=12 ! BUTTON in Baum DEVCO 
LET XMITA1&=13 ! BUTTON in Baum DEVCO 
LET XMITA2&=14 ! BUTTON in Baum DEVCO 
LET DMAP1&=15 ! BUTTON in Baum DEVCO 
LET DMAP2&=16 ! BUTTON in Baum DEVCO 
LET DEVCOBX5&=22 ! BOX in Baum DEVCO 
LET XMITB0&=23 ! BUTTON in Baum DEVCO 
LET DSPX0&=24 ! BUTTON in Baum DEVCO 
LET EXTI0&=25 ! BUTTON in Baum DEVCO 
LET EXTI1&=29 ! BUTTON in Baum DEVCO 
LET EXTI2&=30 ! BUTTON in Baum DEVCO 
LET DSPX1&=31 ! BUTTON in Baum DEVCO 
LET DSPX2&=32 ! BUTTON in Baum DEVCO 
LET XMITB1&=33 ! BUTTON in Baum DEVCO 
LET XMITB2&=34 ! BUTTON in Baum DEVCO 
LET DEVCOBX4&=40 ! BOX in Baum DEVCO 
LET CONV&=41 ! BUTTON in Baum DEVCO 
LET DEVCOHLP&=53 ! BOXTEXT in Baum DEVCO 
LET DEVEXIT&=54 ! BUTTON in Baum DEVCO 
LET DEVSHOW&=55 ! BUTTON in Baum DEVCO 
LET EXPOTXT&=56 ! BOXTEXT in Baum DEVCO 
LET MCHITXT&=57 ! BOXTEXT in Baum DEVCO 
LET MCHOTXT&=58 ! BOXTEXT in Baum DEVCO 
LET EXTOTXT&=62 ! BOXTEXT in Baum DEVCO 
'LET STATUS&=2 ! Formular/Dialog
LET STATBX1&=0 ! BOX in Baum STATUS 
LET STATBX2&=2 ! BOX in Baum STATUS 
LET STATBX7&=4 ! BOX in Baum STATUS 
LET SND0&=5 ! BUTTON in Baum STATUS 
LET SND1&=6 ! BUTTON in Baum STATUS 
LET SND2&=7 ! BUTTON in Baum STATUS 
LET STATBX10&=9 ! BOX in Baum STATUS 
LET ADDR0&=10 ! BUTTON in Baum STATUS 
LET ADDR1&=11 ! BUTTON in Baum STATUS 
LET STATBX9&=13 ! BOX in Baum STATUS 
LET ADCI0&=14 ! BUTTON in Baum STATUS 
LET ADCI1&=15 ! BUTTON in Baum STATUS 
LET STATBX5&=17 ! BOX in Baum STATUS 
LET TRKP0&=18 ! BUTTON in Baum STATUS 
LET TRKP1&=19 ! BUTTON in Baum STATUS 
LET TRKP3&=20 ! BUTTON in Baum STATUS 
LET TRKP2&=21 ! BUTTON in Baum STATUS 
LET STATBX11&=23 ! BOX in Baum STATUS 
LET TRKR0&=24 ! BUTTON in Baum STATUS 
LET TRKR1&=25 ! BUTTON in Baum STATUS 
LET TRKR2&=26 ! BUTTON in Baum STATUS 
LET TRKR3&=27 ! BUTTON in Baum STATUS 
LET STATBX8&=30 ! BOX in Baum STATUS 
LET INTP0&=31 ! BUTTON in Baum STATUS 
LET INTP1&=32 ! BUTTON in Baum STATUS 
LET STATBX12&=35 ! BOX in Baum STATUS 
LET INTR0&=36 ! BUTTON in Baum STATUS 
LET INTR1&=37 ! BUTTON in Baum STATUS 
LET STATHELP&=41 ! BOXTEXT in Baum STATUS 
LET STATSHOW&=42 ! BUTTON in Baum STATUS 
LET STATEXIT&=43 ! BUTTON in Baum STATUS 
'LET SEEDEV&=3 ! Formular/Dialog
LET FSELBOX&=0 ! BOX in Baum SEEDEV 
LET FSSLDUP&=3 ! ICON in Baum SEEDEV 
LET FSSLIDE&=4 ! BOX in Baum SEEDEV 
LET FSSLDBUT&=5 ! BUTTON in Baum SEEDEV 
LET FSSLDDWN&=6 ! ICON in Baum SEEDEV 
LET FSHELP&=7 ! BOXTEXT in Baum SEEDEV 
LET FSCLIP&=8 ! BUTTON in Baum SEEDEV 
LET FSDEVC&=9 ! BUTTON in Baum SEEDEV 
LET FSSND&=10 ! BUTTON in Baum SEEDEV 
LET FSDSP&=11 ! BUTTON in Baum SEEDEV 
LET FSCLEAR&=12 ! BUTTON in Baum SEEDEV 
LET FSEXIT&=13 ! BUTTON in Baum SEEDEV 
LET FSELBOX2&=14 ! BOX in Baum SEEDEV 
LET FSBUT1&=15 ! BOXTEXT in Baum SEEDEV 
LET FSBUT2&=16 ! BOXTEXT in Baum SEEDEV 
LET FSBUT3&=17 ! BOXTEXT in Baum SEEDEV 
LET FSBUT4&=18 ! BOXTEXT in Baum SEEDEV 
LET FSBUT5&=19 ! BOXTEXT in Baum SEEDEV 
LET FSBUT6&=20 ! BOXTEXT in Baum SEEDEV 
LET FSBUT7&=21 ! BOXTEXT in Baum SEEDEV 
LET FSBUT8&=22 ! BOXTEXT in Baum SEEDEV 
LET FSBUT9&=23 ! BOXTEXT in Baum SEEDEV 
LET FSBUT10&=24 ! BOXTEXT in Baum SEEDEV 
LET FSBUT11&=25 ! BOXTEXT in Baum SEEDEV 
LET FSBUT12&=26 ! BOXTEXT in Baum SEEDEV 
LET FSBUT13&=27 ! BOXTEXT in Baum SEEDEV 
LET FSBUT14&=28 ! BOXTEXT in Baum SEEDEV 
LET FSBUT15&=29 ! BOXTEXT in Baum SEEDEV 
LET FSTXT1&=30 ! BOXTEXT in Baum SEEDEV 
LET FSTXT2&=31 ! BOXTEXT in Baum SEEDEV 
LET FSTXT3&=32 ! BOXTEXT in Baum SEEDEV 
LET FSTXT4&=33 ! BOXTEXT in Baum SEEDEV 
LET FSTXT5&=34 ! BOXTEXT in Baum SEEDEV 
LET FSTXT6&=35 ! BOXTEXT in Baum SEEDEV 
LET FSTXT7&=36 ! BOXTEXT in Baum SEEDEV 
LET FSTXT8&=37 ! BOXTEXT in Baum SEEDEV 
LET FSTXT9&=38 ! BOXTEXT in Baum SEEDEV 
LET FSTXT10&=39 ! BOXTEXT in Baum SEEDEV 
LET FSTXT11&=40 ! BOXTEXT in Baum SEEDEV 
LET FSTXT12&=41 ! BOXTEXT in Baum SEEDEV 
LET FSTXT13&=42 ! BOXTEXT in Baum SEEDEV 
LET FSTXT14&=43 ! BOXTEXT in Baum SEEDEV 
LET FSTXT15&=44 ! BOXTEXT in Baum SEEDEV 
'LET POPUPS&=4 ! Formular/Dialog
LET CHNLPOP&=1 ! BOX in Baum POPUPS 
LET CH2&=2 ! STRING in Baum POPUPS 
LET CH4&=3 ! STRING in Baum POPUPS 
LET CH8&=4 ! STRING in Baum POPUPS 
LET CH16&=5 ! STRING in Baum POPUPS 
LET BITSPOP&=6 ! BOX in Baum POPUPS 
LET BIT16&=7 ! STRING in Baum POPUPS 
LET BIT24&=8 ! STRING in Baum POPUPS 
LET SMPPOP&=9 ! BOX in Baum POPUPS 
LET AD32&=10 ! STRING in Baum POPUPS 
LET AD44&=11 ! STRING in Baum POPUPS 
LET AD48&=12 ! STRING in Baum POPUPS 
LET AD64&=14 ! STRING in Baum POPUPS 
LET AD88&=15 ! STRING in Baum POPUPS 
LET AD96&=16 ! STRING in Baum POPUPS 
LET AD8&=18 ! STRING in Baum POPUPS 
LET AD11&=19 ! STRING in Baum POPUPS 
LET AD12&=20 ! STRING in Baum POPUPS 
LET AD16&=21 ! STRING in Baum POPUPS 
LET AD17&=22 ! STRING in Baum POPUPS 
LET AD22&=23 ! STRING in Baum POPUPS 
LET AD24&=24 ! STRING in Baum POPUPS 
LET AD33&=25 ! STRING in Baum POPUPS 
LET CLKPOP&=26 ! BOX in Baum POPUPS 
LET SYNCINT&=27 ! STRING in Baum POPUPS 
LET SPDIF&=28 ! STRING in Baum POPUPS 
LET CLKFALC&=29 ! STRING in Baum POPUPS 
LET SYNCEXT&=30 ! STRING in Baum POPUPS 
LET RAMPOP&=31 ! BOX in Baum POPUPS 
LET DSP32&=32 ! STRING in Baum POPUPS 
LET DSP128&=33 ! STRING in Baum POPUPS 
LET SRCPOP&=34 ! BOX in Baum POPUPS 
LET ANALOG&=35 ! STRING in Baum POPUPS 
LET OPTO&=36 ! STRING in Baum POPUPS 
LET COAX&=37 ! STRING in Baum POPUPS 
LET AESEBU&=38 ! STRING in Baum POPUPS 
LET EXTIN&=39 ! STRING in Baum POPUPS 
LET MONPOP&=40 ! BOX in Baum POPUPS 
LET MON12&=41 ! STRING in Baum POPUPS 
LET MON34&=42 ! STRING in Baum POPUPS 
LET MON56&=43 ! STRING in Baum POPUPS 
LET MON78&=44 ! STRING in Baum POPUPS 
LET SMPPOP2&=45 ! BOX in Baum POPUPS 
LET FCLK1&=46 ! STRING in Baum POPUPS 
LET FCLK2&=47 ! STRING in Baum POPUPS 
LET FCLK3&=48 ! STRING in Baum POPUPS 
LET FCLK4&=49 ! STRING in Baum POPUPS 
LET FCLK5&=50 ! STRING in Baum POPUPS 
LET FCLK6&=51 ! STRING in Baum POPUPS 
LET FCLK7&=52 ! STRING in Baum POPUPS 
LET FCLK8&=53 ! STRING in Baum POPUPS 
LET FCLK9&=54 ! STRING in Baum POPUPS 
LET FCLK10&=55 ! STRING in Baum POPUPS 
LET FCLK11&=56 ! STRING in Baum POPUPS 
LET FCLK12&=57 ! STRING in Baum POPUPS 
LET FCLK13&=58 ! STRING in Baum POPUPS 
LET FCLK14&=59 ! STRING in Baum POPUPS 
LET SMPPOP3&=60 ! BOX in Baum POPUPS 
LET DIF1&=61 ! STRING in Baum POPUPS 
LET DIF2&=62 ! STRING in Baum POPUPS 
LET DIF3&=63 ! STRING in Baum POPUPS 
LET DIF4&=64 ! STRING in Baum POPUPS 
LET DIF5&=65 ! STRING in Baum POPUPS 
LET DIF6&=66 ! STRING in Baum POPUPS 
LET SMPPOP4&=67 ! BOX in Baum POPUPS 
LET NONE&=68 ! STRING in Baum POPUPS 
'LET ALERTBOX&=5 ! Formular/Dialog
LET ALERTCOL&=0 ! BOX in Baum ALERTBOX 
