 Mon Mar 11 14:56:50 1996
 STARTRK2.rpt generated using Lattice pDS Version 2.7.1


 Global Resource Utilization Summary


            Part:  ispLSI1016-60LJ44
     Design Name:  startrk2
 Design Revision:  V1.0
          Author: Stephan Wilhelm
    Project Name:  StarTrack
     Description:  
   Verify Status:  Complete
    Route Status:  Complete
       Data Used:  Post-Route
  Global Options:  PULLUP ON


 Number of GLB cells used:         16
 Number of IO cells used:          32
 Number of dedicated inputs used:  4
 Number of external nets used:     37
 Number of GLB clocks used:        1
 Number of IO clocks used:         0

 Mon Mar 11 14:56:50 1996
 STARTRK2.rpt generated using Lattice pDS Version 2.7.1


 External I/O Pin Report


            Part:  ispLSI1016-60LJ44
     Design Name:  startrk2
 Design Revision:  V1.0
          Author: Stephan Wilhelm
    Project Name:  StarTrack
     Description:  
   Verify Status:  Complete
    Route Status:  Complete
       Data Used:  Post-Route
  Global Options:  PULLUP ON


                                    Fixed
                                    Before
 Pin Number    Pad Name             Route    Pin Type    Pullup

 1             GND                  Yes      Gnd
 2             XIADR                Yes      Input       On
 3             XIACK                Yes      Input       On
 4             XAESEM1              Yes      Input       On
 5             XA9                  Yes      Input       On
 6             XSMPRD               Yes      Output      On
 7             XWRHFLAG             Yes      Input       On
 8             XSMPWR               Yes      Output      On
 9             XRDFFLAG             Yes      Input       On
 10            XINT                 Yes      Output      On
 12            VCC                  Yes      Vcc
 14            XA8                  Yes      Input       On
 15            XDS0                 Yes      Input       On
 16            XIACKOUT             Yes      Output      On
 17            XD0                  Yes      Bidi        On
 18            XVOLCS1              Yes      Output      On
 19            XIACKIN              Yes      Input       On
 20            XA6                  Yes      Input       On
 21            XD2                  Yes      Bidi        On
 22            XD7                  Yes      Output      On
 23            GND                  Yes      Gnd
 24            XA5                  Yes      Input       On
 25            XDSPCS               Yes      Output      On
 26            XAESF0               Yes      Input       On
 27            XAESEM0              Yes      Input       On
 28            XD1                  Yes      Bidi        On
 29            XDSPIACK             Yes      Output      On
 30            XAESEM2              Yes      Input       On
 31            XDSPINT              Yes      Input       On
 32            XRDHFLAG             Yes      Input       On
 34            VCC                  Yes      Vcc
 35            XRESET               No       Input       On
 36            XSYSCLK              Yes      Input       On
 37            XWREFLAG             Yes      Input       On
 38            XA7                  Yes      Input       On
 39            XWRFFLAG             Yes      Input       On
 40            XADR                 Yes      Input       On
 41            XRDEFLAG             Yes      Input       On
 42            XDRVCS               Yes      Output      On
 43            XDTACK               Yes      Output      On
 44            XRW                  Yes      Input       On
