'
'  DSP-TEST - Register auslesen und vergleichen
'
CLS
DIM a(8)
adr=&HFEFF0600
'
PRINT "DSP-TEST - Register auslesen und vergleichen"
PRINT
FOR j=0 TO 7
  a(j)=PEEK(adr+j)
  PRINT HEX$(adr+j),a(j)
NEXT j
PRINT
PRINT "-------------------------------------------"
'
j=INT(RND(1)*7)
IF j<0 THEN
  j=0
ENDIF
REPEAT
  b=PEEK(adr+j)
  IF b<>a(j) THEN
    PRINT "WRONG: ";HEX$(adr+j),a(j),b
  ENDIF
  EXIT IF @mousek
  j=INT(RND(1)*7)
  IF j<0 THEN
    j=0
  ENDIF
UNTIL @mousek
END
'
> FUNCTION mousek
$F%
.| Aufruf in : maschruf2-1,maschruf3-1,maschruf3b-1,maschruf4b-1
.|     maschruf5-1,maschruf5c-1,maschruf8b-1,fadehandler-1,fade-1,smptime-1
.|     movefrag-1,drawpix-2,edhandler2-3,smpsave-1,blklfrag-1,newfsel-1
.|     sampleinf-1,trkplay-1,dragging2-1,arrtristate-1,arrdelay-1,arrplay-1
.|     abackup-1,time_edit-1,make-1,smpsts-1,smpes-1,do_peak-1,peakwert-1
.|     markhandler-1,
LOCAL mk&,void&
'
~WIND_UPDATE(3)
~GRAF_MKSTATE(void&,void&,mk&,void&)
~WIND_UPDATE(2)
'
RETURN mk&
'
ENDFUNC
'
