REM Resource Datei Indizes fÅr STARMOD2 
'LET MODE&=0 ! Formular/Dialog
LET MAINBOX&=0 ! BOX in Baum MODE 
LET EXIT&=1 ! BUTTON in Baum MODE 
LET MAINBOX2&=2 ! BOX in Baum MODE 
LET WMBOX3&=4 ! BOX in Baum MODE 
LET MAT2&=5 ! BUTTON in Baum MODE 
LET MAT4&=6 ! BUTTON in Baum MODE 
LET MAT16&=7 ! BUTTON in Baum MODE 
LET MAT8&=8 ! BUTTON in Baum MODE 
LET WMBOX7&=10 ! BOX in Baum MODE 
LET REC2&=11 ! BUTTON in Baum MODE 
LET REC4&=12 ! BUTTON in Baum MODE 
LET REC8&=13 ! BUTTON in Baum MODE 
LET EMADC8&=14 ! BUTTON in Baum MODE 
LET EMADCA8&=16 ! BUTTON in Baum MODE 
LET WMBOX4&=19 ! BOX in Baum MODE 
LET MAST16&=20 ! BUTTON in Baum MODE 
LET MAST24&=21 ! BUTTON in Baum MODE 
LET WMBOX5&=23 ! BOX in Baum MODE 
LET RAMLO&=24 ! BUTTON in Baum MODE 
LET RAMHI&=25 ! BUTTON in Baum MODE 
LET WMBOX6&=27 ! BOX in Baum MODE 
LET EMULA&=28 ! BUTTON in Baum MODE 
LET FALCLK&=29 ! BUTTON in Baum MODE 
LET INSWC&=32 ! BOXTEXT in Baum MODE 
LET INCIRC&=33 ! BOXCHAR in Baum MODE 
LET INLNK&=35 ! BOXTEXT in Baum MODE 
LET RATECIR2&=36 ! BOXCHAR in Baum MODE 
LET HELPMOD&=37 ! BOXTEXT in Baum MODE 
LET MODEUNDO&=39 ! BOXTEXT in Baum MODE 
LET MODEKICK&=40 ! BUTTON in Baum MODE 
LET MODEVOL&=41 ! BUTTON in Baum MODE 
'LET DEVCO&=1 ! Formular/Dialog
LET DEVCOBX&=0 ! BOX in Baum DEVCO 
LET DEVCOBX2&=1 ! BOX in Baum DEVCO 
LET DEVCOBX1&=3 ! BOX in Baum DEVCO 
LET DMAP0&=4 ! BUTTON in Baum DEVCO 
LET XMITA0&=5 ! BUTTON in Baum DEVCO 
LET ADC0&=6 ! BUTTON in Baum DEVCO 
LET ADC1&=10 ! BUTTON in Baum DEVCO 
LET ADC2&=11 ! BUTTON in Baum DEVCO 
LET XMITA1&=12 ! BUTTON in Baum DEVCO 
LET XMITA2&=13 ! BUTTON in Baum DEVCO 
LET DMAP1&=14 ! BUTTON in Baum DEVCO 
LET DMAP2&=15 ! BUTTON in Baum DEVCO 
LET DEVCOBX5&=21 ! BOX in Baum DEVCO 
LET XMITB0&=22 ! BUTTON in Baum DEVCO 
LET DSPX0&=23 ! BUTTON in Baum DEVCO 
LET EXTI0&=24 ! BUTTON in Baum DEVCO 
LET EXTI1&=28 ! BUTTON in Baum DEVCO 
LET EXTI2&=29 ! BUTTON in Baum DEVCO 
LET DSPX1&=30 ! BUTTON in Baum DEVCO 
LET DSPX2&=31 ! BUTTON in Baum DEVCO 
LET XMITB1&=32 ! BUTTON in Baum DEVCO 
LET XMITB2&=33 ! BUTTON in Baum DEVCO 
LET DEVCOBX4&=39 ! BOX in Baum DEVCO 
LET CONV&=40 ! BUTTON in Baum DEVCO 
LET DEVCOHLP&=52 ! BOXTEXT in Baum DEVCO 
LET DEVUNDO&=53 ! BOXTEXT in Baum DEVCO 
LET DEVEXIT&=54 ! BUTTON in Baum DEVCO 
LET DEVSHOW&=55 ! BUTTON in Baum DEVCO 
LET EXPOTXT&=56 ! BOXTEXT in Baum DEVCO 
LET MCHITXT&=57 ! BOXTEXT in Baum DEVCO 
LET MCHOTXT&=58 ! BOXTEXT in Baum DEVCO 
LET EXTOTXT&=62 ! BOXTEXT in Baum DEVCO 
'LET STATUS&=2 ! Formular/Dialog
LET STATBX1&=0 ! BOX in Baum STATUS 
LET STATEXIT&=1 ! BUTTON in Baum STATUS 
LET STATBX2&=2 ! BOX in Baum STATUS 
LET STATBX7&=4 ! BOX in Baum STATUS 
LET SND0&=5 ! BUTTON in Baum STATUS 
LET SND1&=6 ! BUTTON in Baum STATUS 
LET SND2&=7 ! BUTTON in Baum STATUS 
LET STATBX10&=9 ! BOX in Baum STATUS 
LET ADDR0&=10 ! BUTTON in Baum STATUS 
LET ADDR1&=11 ! BUTTON in Baum STATUS 
LET STATBX9&=13 ! BOX in Baum STATUS 
LET ADCI0&=14 ! BUTTON in Baum STATUS 
LET ADCI1&=15 ! BUTTON in Baum STATUS 
LET STATBX5&=17 ! BOX in Baum STATUS 
LET TRKP0&=18 ! BUTTON in Baum STATUS 
LET TRKP1&=19 ! BUTTON in Baum STATUS 
LET TRKP3&=20 ! BUTTON in Baum STATUS 
LET TRKP2&=21 ! BUTTON in Baum STATUS 
LET STATBX11&=23 ! BOX in Baum STATUS 
LET TRKR0&=24 ! BUTTON in Baum STATUS 
LET TRKR1&=25 ! BUTTON in Baum STATUS 
LET TRKR2&=26 ! BUTTON in Baum STATUS 
LET TRKR3&=27 ! BUTTON in Baum STATUS 
LET STATBX3&=30 ! BOX in Baum STATUS 
LET SRC0&=31 ! BUTTON in Baum STATUS 
LET SRC1&=32 ! BUTTON in Baum STATUS 
LET SRC2&=33 ! BUTTON in Baum STATUS 
LET SRC3&=34 ! BUTTON in Baum STATUS 
LET STATBX4&=36 ! BOX in Baum STATUS 
LET MON0&=37 ! BUTTON in Baum STATUS 
LET MON1&=38 ! BUTTON in Baum STATUS 
LET MON3&=39 ! BUTTON in Baum STATUS 
LET MON2&=40 ! BUTTON in Baum STATUS 
LET STATBX8&=42 ! BOX in Baum STATUS 
LET INTP0&=43 ! BUTTON in Baum STATUS 
LET INTP1&=44 ! BUTTON in Baum STATUS 
LET STATBX12&=47 ! BOX in Baum STATUS 
LET INTR0&=48 ! BUTTON in Baum STATUS 
LET INTR1&=49 ! BUTTON in Baum STATUS 
LET STATBX6&=51 ! BOX in Baum STATUS 
LET RATE0&=53 ! BOXTEXT in Baum STATUS 
LET RATE1&=54 ! BOXTEXT in Baum STATUS 
LET STATHELP&=58 ! BOXTEXT in Baum STATUS 
LET STATUNDO&=60 ! BOXTEXT in Baum STATUS 
LET STATSHOW&=61 ! BUTTON in Baum STATUS 
'LET SEEDEV&=3 ! Formular/Dialog
LET FSELBOX&=0 ! BOX in Baum SEEDEV 
LET FSELBOX2&=1 ! BOX in Baum SEEDEV 
LET FSBUT1&=2 ! BOXTEXT in Baum SEEDEV 
LET FSBUT2&=3 ! BOXTEXT in Baum SEEDEV 
LET FSBUT3&=4 ! BOXTEXT in Baum SEEDEV 
LET FSBUT4&=5 ! BOXTEXT in Baum SEEDEV 
LET FSBUT5&=6 ! BOXTEXT in Baum SEEDEV 
LET FSBUT6&=7 ! BOXTEXT in Baum SEEDEV 
LET FSBUT7&=8 ! BOXTEXT in Baum SEEDEV 
LET FSBUT8&=9 ! BOXTEXT in Baum SEEDEV 
LET FSBUT9&=10 ! BOXTEXT in Baum SEEDEV 
LET FSBUT10&=11 ! BOXTEXT in Baum SEEDEV 
LET FSBUT11&=12 ! BOXTEXT in Baum SEEDEV 
LET FSBUT12&=13 ! BOXTEXT in Baum SEEDEV 
LET FSBUT13&=14 ! BOXTEXT in Baum SEEDEV 
LET FSBUT14&=15 ! BOXTEXT in Baum SEEDEV 
LET FSBUT15&=16 ! BOXTEXT in Baum SEEDEV 
LET FSTXT1&=17 ! BOXTEXT in Baum SEEDEV 
LET FSTXT2&=18 ! BOXTEXT in Baum SEEDEV 
LET FSTXT3&=19 ! BOXTEXT in Baum SEEDEV 
LET FSTXT4&=20 ! BOXTEXT in Baum SEEDEV 
LET FSTXT5&=21 ! BOXTEXT in Baum SEEDEV 
LET FSTXT6&=22 ! BOXTEXT in Baum SEEDEV 
LET FSTXT7&=23 ! BOXTEXT in Baum SEEDEV 
LET FSTXT8&=24 ! BOXTEXT in Baum SEEDEV 
LET FSTXT9&=25 ! BOXTEXT in Baum SEEDEV 
LET FSTXT10&=26 ! BOXTEXT in Baum SEEDEV 
LET FSTXT11&=27 ! BOXTEXT in Baum SEEDEV 
LET FSTXT12&=28 ! BOXTEXT in Baum SEEDEV 
LET FSTXT13&=29 ! BOXTEXT in Baum SEEDEV 
LET FSTXT14&=30 ! BOXTEXT in Baum SEEDEV 
LET FSTXT15&=31 ! BOXTEXT in Baum SEEDEV 
LET FSSLIDE&=32 ! BOX in Baum SEEDEV 
LET FSSLDBUT&=33 ! BUTTON in Baum SEEDEV 
LET FSEXIT&=34 ! BUTTON in Baum SEEDEV 
LET FSHELP&=35 ! BOXTEXT in Baum SEEDEV 
LET FSSLDUP&=37 ! ICON in Baum SEEDEV 
LET FSSLDDWN&=38 ! ICON in Baum SEEDEV 
LET FSCLEAR&=39 ! BUTTON in Baum SEEDEV 
LET FSDSP&=40 ! BUTTON in Baum SEEDEV 
LET FSSND&=41 ! BUTTON in Baum SEEDEV 
LET FSDEVC&=42 ! BUTTON in Baum SEEDEV 
LET FSCLIP&=43 ! BUTTON in Baum SEEDEV 
'LET POPUPS&=4 ! Formular/Dialog
LET INPOP&=1 ! BOX in Baum POPUPS 
LET ANALOG&=2 ! STRING in Baum POPUPS 
LET DIGITAL&=3 ! STRING in Baum POPUPS 
LET SRCPOP&=4 ! BOX in Baum POPUPS 
LET OPTO&=5 ! STRING in Baum POPUPS 
LET COAX&=6 ! STRING in Baum POPUPS 
LET AESEBU&=7 ! STRING in Baum POPUPS 
'LET ALERTBOX&=5 ! Formular/Dialog
LET ALERTCOL&=0 ! BOX in Baum ALERTBOX 
