REM Resource Datei Indizes fÅr STARLOC 
'LET SMPEDIT&=0 ! Formular/Dialog
LET EDITBOX7&=0 ! BOX in Baum SMPEDIT 
LET EDITBOX&=1 ! BOX in Baum SMPEDIT 
LET ZOMSLIDE&=2 ! BOX in Baum SMPEDIT 
LET ZOOMBUTT&=3 ! BUTTON in Baum SMPEDIT 
LET ZOOML&=4 ! USERDEF in Baum SMPEDIT 
LET ZOOMR&=5 ! USERDEF in Baum SMPEDIT 
LET CSMINTEX&=7 ! TEXT in Baum SMPEDIT 
LET CEMAXTEX&=8 ! TEXT in Baum SMPEDIT 
LET CSTXT&=9 ! BOXTEXT in Baum SMPEDIT 
LET CETXT&=10 ! BOXTEXT in Baum SMPEDIT 
LET SMPL3&=12 ! USERDEF in Baum SMPEDIT 
LET SMPL2&=13 ! USERDEF in Baum SMPEDIT 
LET SMPL1&=14 ! USERDEF in Baum SMPEDIT 
LET SMPR1&=15 ! USERDEF in Baum SMPEDIT 
LET SMPR2&=16 ! USERDEF in Baum SMPEDIT 
LET SMPR3&=17 ! USERDEF in Baum SMPEDIT 
LET SMPANF&=18 ! USERDEF in Baum SMPEDIT 
LET SMPMID&=19 ! USERDEF in Baum SMPEDIT 
LET SMPEND&=20 ! USERDEF in Baum SMPEDIT 
LET EDITBOX5&=21 ! BOX in Baum SMPEDIT 
LET MOVER&=23 ! BOXTEXT in Baum SMPEDIT 
LET MOVECIRC&=24 ! BOXCHAR in Baum SMPEDIT 
LET TRASH&=25 ! USERDEF in Baum SMPEDIT 
LET SMPAUTO2&=28 ! USERDEF in Baum SMPEDIT 
LET SMPSTRT2&=29 ! USERDEF in Baum SMPEDIT 
LET RECPLAY3&=30 ! USERDEF in Baum SMPEDIT 
LET SMPPLAY&=31 ! USERDEF in Baum SMPEDIT 
LET SMPSTOP&=32 ! USERDEF in Baum SMPEDIT 
LET SMPWAIT&=33 ! USERDEF in Baum SMPEDIT 
LET HARD&=34 ! USERDEF in Baum SMPEDIT 
LET SMPLEN&=37 ! BOXTEXT in Baum SMPEDIT 
LET SMPSEC&=38 ! BOXTEXT in Baum SMPEDIT 
LET SMPFILE&=39 ! BOXTEXT in Baum SMPEDIT 
LET SMPRATE&=40 ! BOXTEXT in Baum SMPEDIT 
LET SHOWXY&=41 ! BOXTEXT in Baum SMPEDIT 
LET PNTPRSMP&=42 ! BOXTEXT in Baum SMPEDIT 
LET SMPNAME&=43 ! BOXTEXT in Baum SMPEDIT 
LET FREEMEM&=44 ! BOXTEXT in Baum SMPEDIT 
LET CLOCK&=45 ! BOXTEXT in Baum SMPEDIT 
LET RESOLU&=47 ! BOXTEXT in Baum SMPEDIT 
LET RATE&=51 ! BOXTEXT in Baum SMPEDIT 
LET RATECIRC&=52 ! BOXCHAR in Baum SMPEDIT 
LET FLYER&=53 ! USERDEF in Baum SMPEDIT 
LET SMPEDHLP&=55 ! BOXTEXT in Baum SMPEDIT 
LET SMPEXIT&=56 ! BUTTON in Baum SMPEDIT 
LET EDITBOX6&=57 ! BOX in Baum SMPEDIT 
LET SMPPMARK&=58 ! USERDEF in Baum SMPEDIT 
LET MIDI&=59 ! USERDEF in Baum SMPEDIT 
LET MINTEXT&=60 ! BOXTEXT in Baum SMPEDIT 
LET SMPLOOP&=61 ! USERDEF in Baum SMPEDIT 
LET SMPCBLK&=62 ! USERDEF in Baum SMPEDIT 
LET PIXZOOM&=63 ! USERDEF in Baum SMPEDIT 
LET EDITBOX3&=64 ! BOX in Baum SMPEDIT 
LET EDMTIMS&=65 ! BOXTEXT in Baum SMPEDIT 
LET EDMTIME&=66 ! BOXTEXT in Baum SMPEDIT 
LET EDMDOWN&=67 ! USERDEF in Baum SMPEDIT 
LET EDMSLIDE&=68 ! BOX in Baum SMPEDIT 
LET EDMBUT&=69 ! BUTTON in Baum SMPEDIT 
LET EDMUP&=70 ! USERDEF in Baum SMPEDIT 
LET EDMNR&=71 ! BOXTEXT in Baum SMPEDIT 
LET EDMTIMI&=72 ! BOXTEXT in Baum SMPEDIT 
LET EDMTIMR&=73 ! BOXTEXT in Baum SMPEDIT 
LET EDMTXT&=74 ! BOXTEXT in Baum SMPEDIT 
LET EDMBOX&=75 ! BOX in Baum SMPEDIT 
LET EDMBUTS&=76 ! USERDEF in Baum SMPEDIT 
LET EDMBUTE&=77 ! USERDEF in Baum SMPEDIT 
LET EDMBUTI&=78 ! USERDEF in Baum SMPEDIT 
LET EDMBUTR&=79 ! USERDEF in Baum SMPEDIT 
LET EDITBOX2&=80 ! BOX in Baum SMPEDIT 
LET SETUPER&=81 ! USERDEF in Baum SMPEDIT 
LET EDFADE&=82 ! USERDEF in Baum SMPEDIT 
LET PEAKSW2&=83 ! USERDEF in Baum SMPEDIT 
LET DISK&=84 ! USERDEF in Baum SMPEDIT 
LET LOOPART&=85 ! USERDEF in Baum SMPEDIT 
LET BLOCFUNC&=86 ! USERDEF in Baum SMPEDIT 
LET ARRANGE&=87 ! USERDEF in Baum SMPEDIT 
LET SMPLOAD&=88 ! USERDEF in Baum SMPEDIT 
LET SMPSAVE&=89 ! USERDEF in Baum SMPEDIT 
LET INFOICON&=90 ! USERDEF in Baum SMPEDIT 
LET EDMIDI&=91 ! USERDEF in Baum SMPEDIT 
LET TRAK&=92 ! USERDEF in Baum SMPEDIT 
LET EDSMP16&=93 ! USERDEF in Baum SMPEDIT 
LET SWDSP&=94 ! USERDEF in Baum SMPEDIT 
LET SMPDBANK&=95 ! USERDEF in Baum SMPEDIT 
LET SWMARK&=96 ! USERDEF in Baum SMPEDIT 
LET WMODES&=97 ! USERDEF in Baum SMPEDIT 
LET SWYZOOM&=98 ! USERDEF in Baum SMPEDIT 
LET SWCLICK&=99 ! USERDEF in Baum SMPEDIT 
LET SWDRAW&=100 ! USERDEF in Baum SMPEDIT 
LET SWBLK&=101 ! USERDEF in Baum SMPEDIT 
LET SCRUBS&=102 ! USERDEF in Baum SMPEDIT 
LET SWSEARCH&=103 ! USERDEF in Baum SMPEDIT 
LET CURVBOX&=104 ! BOX in Baum SMPEDIT 
LET EDITBOX4&=105 ! BOX in Baum SMPEDIT 
LET EDITBOX8&=106 ! BOX in Baum SMPEDIT 
LET SMPTXR&=107 ! TEXT in Baum SMPEDIT 
LET SMPTXL&=108 ! TEXT in Baum SMPEDIT 
LET RM80&=109 ! BOXTEXT in Baum SMPEDIT 
LET RP0&=110 ! BOXTEXT in Baum SMPEDIT 
LET RP80&=111 ! BOXTEXT in Baum SMPEDIT 
LET RP60&=112 ! BOXTEXT in Baum SMPEDIT 
LET RP40&=113 ! BOXTEXT in Baum SMPEDIT 
LET RM60&=114 ! BOXTEXT in Baum SMPEDIT 
LET RM40&=115 ! BOXTEXT in Baum SMPEDIT 
LET LP80&=116 ! BOXTEXT in Baum SMPEDIT 
LET LM80&=117 ! BOXTEXT in Baum SMPEDIT 
LET LP40&=118 ! BOXTEXT in Baum SMPEDIT 
LET LP60&=119 ! BOXTEXT in Baum SMPEDIT 
LET LM60&=120 ! BOXTEXT in Baum SMPEDIT 
LET LM40&=121 ! BOXTEXT in Baum SMPEDIT 
LET LM20&=122 ! BOXTEXT in Baum SMPEDIT 
LET LP0&=123 ! BOXTEXT in Baum SMPEDIT 
LET RP20&=124 ! BOXTEXT in Baum SMPEDIT 
LET RM20&=125 ! BOXTEXT in Baum SMPEDIT 
LET LP20&=126 ! BOXTEXT in Baum SMPEDIT 
LET SCRLSLDE&=127 ! BOX in Baum SMPEDIT 
LET SCROLBUT&=128 ! BUTTON in Baum SMPEDIT 
LET LSCROLL&=129 ! USERDEF in Baum SMPEDIT 
LET RSCROLL&=130 ! USERDEF in Baum SMPEDIT 
LET LR100&=131 ! BOXTEXT in Baum SMPEDIT 
LET BLKFILEL&=138 ! BOX in Baum SMPEDIT 
LET BLKFILER&=139 ! BOX in Baum SMPEDIT 
LET BLKFILE&=140 ! TEXT in Baum SMPEDIT 
'LET ARRANGER&=1 ! Formular/Dialog
LET ARRBOX&=0 ! BOX in Baum ARRANGER 
LET ARRBOX2&=1 ! BOX in Baum ARRANGER 
LET HLPEDIT2&=2 ! USERDEF in Baum ARRANGER 
LET ARRLOAD&=3 ! USERDEF in Baum ARRANGER 
LET ARRSAVE&=4 ! USERDEF in Baum ARRANGER 
LET ARRMIDI&=5 ! USERDEF in Baum ARRANGER 
LET ARRINS&=6 ! USERDEF in Baum ARRANGER 
LET ARRDEL&=7 ! USERDEF in Baum ARRANGER 
LET SMPAUTO3&=9 ! USERDEF in Baum ARRANGER 
LET SMPSTRT3&=10 ! USERDEF in Baum ARRANGER 
LET PAUSE&=11 ! USERDEF in Baum ARRANGER 
LET REWIND&=12 ! USERDEF in Baum ARRANGER 
LET RECPLAY&=13 ! USERDEF in Baum ARRANGER 
LET SMPPLAY2&=14 ! USERDEF in Baum ARRANGER 
LET SMPRPLAY&=15 ! USERDEF in Baum ARRANGER 
LET FORWARD&=16 ! USERDEF in Baum ARRANGER 
LET ARRSTRT&=17 ! USERDEF in Baum ARRANGER 
LET ARREND&=18 ! USERDEF in Baum ARRANGER 
LET STOP&=19 ! USERDEF in Baum ARRANGER 
LET ARRBOX4&=20 ! BOX in Baum ARRANGER 
LET PLAYLEN&=21 ! BOXTEXT in Baum ARRANGER 
LET ARREAL&=22 ! USERDEF in Baum ARRANGER 
LET ARRBLK&=23 ! USERDEF in Baum ARRANGER 
LET ARRBOX3&=24 ! BOX in Baum ARRANGER 
LET ARRM1&=26 ! USERDEF in Baum ARRANGER 
LET ARRM2&=27 ! USERDEF in Baum ARRANGER 
LET ARRM3&=28 ! USERDEF in Baum ARRANGER 
LET ARRM4&=29 ! USERDEF in Baum ARRANGER 
LET ARRTRI1&=33 ! BUTTON in Baum ARRANGER 
LET ARRTRI2&=34 ! BUTTON in Baum ARRANGER 
LET ARRTRI3&=35 ! BUTTON in Baum ARRANGER 
LET ARRTRI4&=36 ! BUTTON in Baum ARRANGER 
LET ARRLOOP1&=39 ! USERDEF in Baum ARRANGER 
LET ARRLOOP2&=40 ! USERDEF in Baum ARRANGER 
LET ARRLOOP3&=41 ! USERDEF in Baum ARRANGER 
LET ARRLOOP4&=42 ! USERDEF in Baum ARRANGER 
LET ARRDEL1&=49 ! USERDEF in Baum ARRANGER 
LET ARRDEL2&=50 ! USERDEF in Baum ARRANGER 
LET ARRDEL3&=51 ! USERDEF in Baum ARRANGER 
LET ARRDEL4&=52 ! USERDEF in Baum ARRANGER 
LET HARDSTRT&=53 ! USERDEF in Baum ARRANGER 
LET HARDEND&=54 ! USERDEF in Baum ARRANGER 
LET ARRPLAY1&=57 ! USERDEF in Baum ARRANGER 
LET ARRPLAY2&=58 ! USERDEF in Baum ARRANGER 
LET ARRPLAY3&=59 ! USERDEF in Baum ARRANGER 
LET ARRPLAY4&=60 ! USERDEF in Baum ARRANGER 
LET SPUR1&=61 ! BOXTEXT in Baum ARRANGER 
LET SPUR2&=62 ! BOXTEXT in Baum ARRANGER 
LET SPUR3&=63 ! BOXTEXT in Baum ARRANGER 
LET SPUR4&=64 ! BOXTEXT in Baum ARRANGER 
LET ARRNR1&=65 ! BOXTEXT in Baum ARRANGER 
LET ARRNR2&=66 ! BOXTEXT in Baum ARRANGER 
LET ARRNR3&=67 ! BOXTEXT in Baum ARRANGER 
LET ARRNR4&=68 ! BOXTEXT in Baum ARRANGER 
LET ARRMEM1&=69 ! BOXTEXT in Baum ARRANGER 
LET ARRMEM2&=70 ! BOXTEXT in Baum ARRANGER 
LET ARRMEM3&=71 ! BOXTEXT in Baum ARRANGER 
LET ARRMEM4&=72 ! BOXTEXT in Baum ARRANGER 
LET ARRSMPR1&=73 ! BOXTEXT in Baum ARRANGER 
LET ARRSMPR2&=74 ! BOXTEXT in Baum ARRANGER 
LET ARRSMPR3&=75 ! BOXTEXT in Baum ARRANGER 
LET ARRSMPR4&=76 ! BOXTEXT in Baum ARRANGER 
LET ARRCH1&=77 ! BOXTEXT in Baum ARRANGER 
LET ARRCH2&=78 ! BOXTEXT in Baum ARRANGER 
LET ARRCH3&=79 ! BOXTEXT in Baum ARRANGER 
LET ARRCH4&=80 ! BOXTEXT in Baum ARRANGER 
LET ARRNOTE1&=81 ! BOXTEXT in Baum ARRANGER 
LET ARRNOTE2&=82 ! BOXTEXT in Baum ARRANGER 
LET ARRNOTE3&=83 ! BOXTEXT in Baum ARRANGER 
LET ARRNOTE4&=84 ! BOXTEXT in Baum ARRANGER 
LET HARDST1&=85 ! BOXTEXT in Baum ARRANGER 
LET HARDST2&=86 ! BOXTEXT in Baum ARRANGER 
LET HARDST3&=87 ! BOXTEXT in Baum ARRANGER 
LET HARDST4&=88 ! BOXTEXT in Baum ARRANGER 
LET HARDE1&=89 ! BOXTEXT in Baum ARRANGER 
LET HARDE2&=90 ! BOXTEXT in Baum ARRANGER 
LET HARDE3&=91 ! BOXTEXT in Baum ARRANGER 
LET HARDE4&=92 ! BOXTEXT in Baum ARRANGER 
LET HARDLEN1&=93 ! BOXTEXT in Baum ARRANGER 
LET HARDLEN2&=94 ! BOXTEXT in Baum ARRANGER 
LET HARDLEN3&=95 ! BOXTEXT in Baum ARRANGER 
LET HARDLEN4&=96 ! BOXTEXT in Baum ARRANGER 
LET ARRSLIDE&=97 ! BOX in Baum ARRANGER 
LET ARRSLBUT&=98 ! BUTTON in Baum ARRANGER 
LET ARREXIT&=99 ! BUTTON in Baum ARRANGER 
LET ARRHELP&=100 ! BOXTEXT in Baum ARRANGER 
LET ARRCLIP&=101 ! USERDEF in Baum ARRANGER 
LET ARRPRINT&=102 ! USERDEF in Baum ARRANGER 
LET KLAVIER&=103 ! USERDEF in Baum ARRANGER 
LET SLIDEUP&=104 ! USERDEF in Baum ARRANGER 
LET SLIDEDWN&=105 ! USERDEF in Baum ARRANGER 
LET PLAYNAME&=106 ! BOXTEXT in Baum ARRANGER 
LET ARRTRASH&=107 ! USERDEF in Baum ARRANGER 
'LET TRAKKER&=2 ! Formular/Dialog
LET TRAKBOX&=0 ! BOX in Baum TRAKKER 
LET TRAKBOX3&=1 ! BOX in Baum TRAKKER 
LET HLPEDIT3&=2 ! USERDEF in Baum TRAKKER 
LET HRDMERG2&=3 ! USERDEF in Baum TRAKKER 
LET TRAKLOAD&=4 ! USERDEF in Baum TRAKKER 
LET TRAKPLAY&=5 ! USERDEF in Baum TRAKKER 
LET TRAKDEL&=6 ! USERDEF in Baum TRAKKER 
LET TRAKSALL&=7 ! USERDEF in Baum TRAKKER 
LET TRAKLALL&=8 ! USERDEF in Baum TRAKKER 
LET KILLTRAK&=9 ! USERDEF in Baum TRAKKER 
LET TRAKCLIP&=10 ! USERDEF in Baum TRAKKER 
LET TBLKSEL&=11 ! USERDEF in Baum TRAKKER 
LET TBLKMOVE&=12 ! USERDEF in Baum TRAKKER 
LET TBLKCOPY&=13 ! USERDEF in Baum TRAKKER 
LET TBLKDRAG&=14 ! USERDEF in Baum TRAKKER 
LET TBLKEDIT&=15 ! USERDEF in Baum TRAKKER 
LET TBLKSNAP&=16 ! USERDEF in Baum TRAKKER 
LET TBLKVOL&=17 ! USERDEF in Baum TRAKKER 
LET TBLKCUT&=18 ! USERDEF in Baum TRAKKER 
LET TRKCD&=19 ! USERDEF in Baum TRAKKER 
LET TIMELINE&=20 ! BOXTEXT in Baum TRAKKER 
LET TRKSLOT&=21 ! BOXTEXT in Baum TRAKKER 
LET TRAKEDBX&=22 ! BOX in Baum TRAKKER 
LET TRAKBOX2&=23 ! BOX in Baum TRAKKER 
LET TRAKBOX5&=24 ! BOX in Baum TRAKKER 
LET TRKBX1&=25 ! BOX in Baum TRAKKER 
LET TRKLEVO1&=26 ! USERDEF in Baum TRAKKER 
LET TRKLEVT1&=27 ! BOXTEXT in Baum TRAKKER 
LET TRKLEVU1&=28 ! USERDEF in Baum TRAKKER 
LET TRKMUTE1&=29 ! USERDEF in Baum TRAKKER 
LET TRAKK1&=30 ! BOXTEXT in Baum TRAKKER 
LET TRKSOLO1&=31 ! USERDEF in Baum TRAKKER 
LET TRKACT1&=32 ! USERDEF in Baum TRAKKER 
LET TRKBX3&=33 ! BOX in Baum TRAKKER 
LET TRKLEVO3&=34 ! USERDEF in Baum TRAKKER 
LET TRKLEVT3&=35 ! BOXTEXT in Baum TRAKKER 
LET TRKLEVU3&=36 ! USERDEF in Baum TRAKKER 
LET TRKMUTE3&=37 ! USERDEF in Baum TRAKKER 
LET TRAKK3&=38 ! BOXTEXT in Baum TRAKKER 
LET TRKSOLO3&=39 ! USERDEF in Baum TRAKKER 
LET TRKACT3&=40 ! USERDEF in Baum TRAKKER 
LET TRKTXT3&=41 ! BOXTEXT in Baum TRAKKER 
LET PANL3&=42 ! USERDEF in Baum TRAKKER 
LET PANTXT3&=43 ! BOXTEXT in Baum TRAKKER 
LET TRKBX4&=44 ! BOX in Baum TRAKKER 
LET TRKLEVO4&=45 ! USERDEF in Baum TRAKKER 
LET TRKLEVT4&=46 ! BOXTEXT in Baum TRAKKER 
LET TRKLEVU4&=47 ! USERDEF in Baum TRAKKER 
LET TRKMUTE4&=48 ! USERDEF in Baum TRAKKER 
LET TRAKK4&=49 ! BOXTEXT in Baum TRAKKER 
LET TRKSOLO4&=50 ! USERDEF in Baum TRAKKER 
LET TRKACT4&=51 ! USERDEF in Baum TRAKKER 
LET TRKTXT4&=52 ! BOXTEXT in Baum TRAKKER 
LET PANL4&=53 ! USERDEF in Baum TRAKKER 
LET PANTXT4&=54 ! BOXTEXT in Baum TRAKKER 
LET TRKBX2&=55 ! BOX in Baum TRAKKER 
LET TRKLEVO2&=56 ! USERDEF in Baum TRAKKER 
LET TRKLEVT2&=57 ! BOXTEXT in Baum TRAKKER 
LET TRKLEVU2&=58 ! USERDEF in Baum TRAKKER 
LET TRKMUTE2&=59 ! USERDEF in Baum TRAKKER 
LET TRAKK2&=60 ! BOXTEXT in Baum TRAKKER 
LET TRKSOLO2&=61 ! USERDEF in Baum TRAKKER 
LET TRKACT2&=62 ! USERDEF in Baum TRAKKER 
LET TRKTXT2&=63 ! BOXTEXT in Baum TRAKKER 
LET PANL2&=64 ! USERDEF in Baum TRAKKER 
LET PANTXT2&=65 ! BOXTEXT in Baum TRAKKER 
LET TRKTXT1&=66 ! BOXTEXT in Baum TRAKKER 
LET PANR1&=67 ! USERDEF in Baum TRAKKER 
LET PANL1&=68 ! USERDEF in Baum TRAKKER 
LET PANTXT1&=69 ! BOXTEXT in Baum TRAKKER 
LET PANR2&=70 ! USERDEF in Baum TRAKKER 
LET PANR3&=71 ! USERDEF in Baum TRAKKER 
LET PANR4&=72 ! USERDEF in Baum TRAKKER 
LET TRKTITXT&=73 ! TEXT in Baum TRAKKER 
LET SPURSLID&=74 ! BOX in Baum TRAKKER 
LET SPURYBUT&=75 ! BUTTON in Baum TRAKKER 
LET SPURO&=76 ! USERDEF in Baum TRAKKER 
LET SPURU&=77 ! USERDEF in Baum TRAKKER 
LET TRAKSLID&=78 ! BOX in Baum TRAKKER 
LET TRAKXBUT&=79 ! BUTTON in Baum TRAKKER 
LET TRAKXR&=80 ! USERDEF in Baum TRAKKER 
LET TRAKXL&=81 ! USERDEF in Baum TRAKKER 
LET ZOOMXL&=82 ! USERDEF in Baum TRAKKER 
LET ZOOMXR&=83 ! USERDEF in Baum TRAKKER 
LET ZOOMSLID&=84 ! BOX in Baum TRAKKER 
LET ZOOMXBUT&=85 ! BUTTON in Baum TRAKKER 
LET TRAKBXW&=86 ! BOX in Baum TRAKKER 
LET TRKMON&=88 ! BOXTEXT in Baum TRAKKER 
LET TRAKSTRT&=96 ! BOXTEXT in Baum TRAKKER 
LET TRAKEND&=97 ! BOXTEXT in Baum TRAKKER 
LET TRAKDUR&=98 ! BOXTEXT in Baum TRAKKER 
LET TRAKLEN&=99 ! BOXTEXT in Baum TRAKKER 
LET TRKSMPTE&=100 ! BOXTEXT in Baum TRAKKER 
LET TRKSIZE&=101 ! BOXTEXT in Baum TRAKKER 
LET TPSTRT&=102 ! BOXTEXT in Baum TRAKKER 
LET TPEND&=103 ! BOXTEXT in Baum TRAKKER 
LET STRTL&=104 ! USERDEF in Baum TRAKKER 
LET STRTR&=105 ! USERDEF in Baum TRAKKER 
LET LEND&=106 ! USERDEF in Baum TRAKKER 
LET REND&=107 ! USERDEF in Baum TRAKKER 
LET LTIME&=108 ! USERDEF in Baum TRAKKER 
LET RTIME&=109 ! USERDEF in Baum TRAKKER 
LET TPSL&=110 ! USERDEF in Baum TRAKKER 
LET TPSR&=111 ! USERDEF in Baum TRAKKER 
LET TPEL&=112 ! USERDEF in Baum TRAKKER 
LET TPER&=113 ! USERDEF in Baum TRAKKER 
LET TRKBLK&=114 ! USERDEF in Baum TRAKKER 
LET TRKCOPY&=115 ! USERDEF in Baum TRAKKER 
LET TRKDEL&=116 ! USERDEF in Baum TRAKKER 
LET TBLKPLAY&=119 ! USERDEF in Baum TRAKKER 
LET TNAMCOM&=122 ! USERDEF in Baum TRAKKER 
LET CURVE&=123 ! USERDEF in Baum TRAKKER 
LET TRKSOLO&=124 ! USERDEF in Baum TRAKKER 
LET TRAKINFO&=125 ! BOXTEXT in Baum TRAKKER 
LET TRAKBOX4&=126 ! BOX in Baum TRAKKER 
LET TRAKTIME&=127 ! BOXTEXT in Baum TRAKKER 
LET TRAKNAME&=128 ! BOXTEXT in Baum TRAKKER 
LET TRKERR&=129 ! BOXTEXT in Baum TRAKKER 
LET PAUSE2&=131 ! USERDEF in Baum TRAKKER 
LET REWIND2&=132 ! USERDEF in Baum TRAKKER 
LET STOP2&=133 ! USERDEF in Baum TRAKKER 
LET RECPLAY2&=134 ! USERDEF in Baum TRAKKER 
LET SMPPLAY3&=135 ! USERDEF in Baum TRAKKER 
LET SMPRPLA2&=136 ! USERDEF in Baum TRAKKER 
LET FORWARD2&=137 ! USERDEF in Baum TRAKKER 
LET TRAKANF&=138 ! USERDEF in Baum TRAKKER 
LET TRAKFULL&=139 ! USERDEF in Baum TRAKKER 
LET SMPSTRT4&=140 ! USERDEF in Baum TRAKKER 
LET SMPAUTO4&=141 ! USERDEF in Baum TRAKKER 
LET TRKVBOX&=142 ! BOXTEXT in Baum TRAKKER 
LET TRKVOL&=144 ! USERDEF in Baum TRAKKER 
LET TRKLVOL&=148 ! BOX in Baum TRAKKER 
LET TRKRVOL&=149 ! BOX in Baum TRAKKER 
LET TRKLMAX&=150 ! BOX in Baum TRAKKER 
LET TRKRMAX&=151 ! BOX in Baum TRAKKER 
LET TRK4&=152 ! USERDEF in Baum TRAKKER 
LET TRK8&=153 ! USERDEF in Baum TRAKKER 
LET TRK12&=154 ! USERDEF in Baum TRAKKER 
LET TRK16&=155 ! USERDEF in Baum TRAKKER 
LET TRAKHELP&=156 ! BOXTEXT in Baum TRAKKER 
LET TRAKEXIT&=157 ! BUTTON in Baum TRAKKER 
'LET MIXER&=3 ! Formular/Dialog
LET MIXBOX1&=0 ! BOX in Baum MIXER 
LET MIXBOX2&=1 ! BOX in Baum MIXER 
LET MIXFILE&=2 ! BOXTEXT in Baum MIXER 
LET MIXPEAK&=3 ! BOXTEXT in Baum MIXER 
LET MIXERR&=4 ! BOXTEXT in Baum MIXER 
LET MIXBX1&=5 ! BOX in Baum MIXER 
LET MIXVBOX1&=6 ! BOX in Baum MIXER 
LET MIXFADE1&=7 ! USERDEF in Baum MIXER 
LET MIXVOL1&=8 ! USERDEF in Baum MIXER 
LET MIXDB1&=9 ! BOX in Baum MIXER 
LET MIXVOLD1&=13 ! TEXT in Baum MIXER 
LET MIXVOLM1&=17 ! TEXT in Baum MIXER 
LET MIXVOLZ1&=25 ! IMAGE in Baum MIXER 
LET MIXVOLL1&=26 ! BOX in Baum MIXER 
LET MIXVOLR1&=27 ! BOX in Baum MIXER 
LET MIXPKL1&=28 ! BOX in Baum MIXER 
LET MIXPKR1&=29 ! BOX in Baum MIXER 
LET MIXVOLT1&=30 ! BOXTEXT in Baum MIXER 
LET MIXVOLN1&=31 ! BOXTEXT in Baum MIXER 
LET MXBALBX1&=32 ! BOX in Baum MIXER 
LET MIXBALL1&=33 ! TEXT in Baum MIXER 
LET MIXBALR1&=34 ! TEXT in Baum MIXER 
LET MIXBALM1&=35 ! TEXT in Baum MIXER 
LET MIXBAL1&=36 ! USERDEF in Baum MIXER 
LET MIXBALP1&=37 ! IMAGE in Baum MIXER 
LET MIXTIT1&=38 ! BOXTEXT in Baum MIXER 
LET MIXBALT1&=39 ! BOXTEXT in Baum MIXER 
LET MIXBALN1&=40 ! BOXTEXT in Baum MIXER 
LET MIXON1&=41 ! USERDEF in Baum MIXER 
LET MIXALL1&=42 ! USERDEF in Baum MIXER 
LET MIXMUTE1&=43 ! USERDEF in Baum MIXER 
LET MIXTXT1&=44 ! BOXTEXT in Baum MIXER 
LET MIXBYP1&=45 ! USERDEF in Baum MIXER 
LET MIXBX2&=47 ! BOX in Baum MIXER 
LET MIXVBOX2&=48 ! BOX in Baum MIXER 
LET MIXFADE2&=49 ! USERDEF in Baum MIXER 
LET MIXVOL2&=50 ! USERDEF in Baum MIXER 
LET MIXDB2&=51 ! BOX in Baum MIXER 
LET MIXVOLD2&=55 ! TEXT in Baum MIXER 
LET MIXVOLM2&=59 ! TEXT in Baum MIXER 
LET MIXVOLZ2&=67 ! IMAGE in Baum MIXER 
LET MIXVOLL2&=68 ! BOX in Baum MIXER 
LET MIXVOLR2&=69 ! BOX in Baum MIXER 
LET MIXPKL2&=70 ! BOX in Baum MIXER 
LET MIXPKR2&=71 ! BOX in Baum MIXER 
LET MIXVOLT2&=72 ! BOXTEXT in Baum MIXER 
LET MIXVOLN2&=73 ! BOXTEXT in Baum MIXER 
LET MXBALBX2&=74 ! BOX in Baum MIXER 
LET MIXBALL2&=75 ! TEXT in Baum MIXER 
LET MIXBALR2&=76 ! TEXT in Baum MIXER 
LET MIXBALM2&=77 ! TEXT in Baum MIXER 
LET MIXBAL2&=78 ! USERDEF in Baum MIXER 
LET MIXBALP2&=79 ! IMAGE in Baum MIXER 
LET MIXTIT2&=80 ! BOXTEXT in Baum MIXER 
LET MIXBALT2&=81 ! BOXTEXT in Baum MIXER 
LET MIXBALN2&=82 ! BOXTEXT in Baum MIXER 
LET MIXON2&=83 ! USERDEF in Baum MIXER 
LET MIXALL2&=84 ! USERDEF in Baum MIXER 
LET MIXMUTE2&=85 ! USERDEF in Baum MIXER 
LET MIXTXT2&=86 ! BOXTEXT in Baum MIXER 
LET MIXBYP2&=87 ! USERDEF in Baum MIXER 
LET MIXBX3&=88 ! BOX in Baum MIXER 
LET MIXVBOX3&=89 ! BOX in Baum MIXER 
LET MIXFADE3&=90 ! USERDEF in Baum MIXER 
LET MIXVOL3&=91 ! USERDEF in Baum MIXER 
LET MIXDB3&=92 ! BOX in Baum MIXER 
LET MIXVOLD3&=96 ! TEXT in Baum MIXER 
LET MIXVOLM3&=100 ! TEXT in Baum MIXER 
LET MIXVOLZ3&=108 ! IMAGE in Baum MIXER 
LET MIXVOLL3&=109 ! BOX in Baum MIXER 
LET MIXVOLR3&=110 ! BOX in Baum MIXER 
LET MIXPKL3&=111 ! BOX in Baum MIXER 
LET MIXPKR3&=112 ! BOX in Baum MIXER 
LET MIXVOLT3&=113 ! BOXTEXT in Baum MIXER 
LET MIXVOLN3&=114 ! BOXTEXT in Baum MIXER 
LET MXBALBX3&=115 ! BOX in Baum MIXER 
LET MIXBALL3&=116 ! TEXT in Baum MIXER 
LET MIXBALR3&=117 ! TEXT in Baum MIXER 
LET MIXBALM3&=118 ! TEXT in Baum MIXER 
LET MIXBAL3&=119 ! USERDEF in Baum MIXER 
LET MIXBALP3&=120 ! IMAGE in Baum MIXER 
LET MIXTIT3&=121 ! BOXTEXT in Baum MIXER 
LET MIXBALT3&=122 ! BOXTEXT in Baum MIXER 
LET MIXBALN3&=123 ! BOXTEXT in Baum MIXER 
LET MIXON3&=124 ! USERDEF in Baum MIXER 
LET MIXALL3&=125 ! USERDEF in Baum MIXER 
LET MIXMUTE3&=126 ! USERDEF in Baum MIXER 
LET MIXTXT3&=127 ! BOXTEXT in Baum MIXER 
LET MIXBYP3&=128 ! USERDEF in Baum MIXER 
LET MIXBX4&=129 ! BOX in Baum MIXER 
LET MIXVBOX4&=130 ! BOX in Baum MIXER 
LET MIXFADE4&=131 ! USERDEF in Baum MIXER 
LET MIXVOL4&=132 ! USERDEF in Baum MIXER 
LET MIXDB4&=133 ! BOX in Baum MIXER 
LET MIXVOLD4&=137 ! TEXT in Baum MIXER 
LET MIXVOLM4&=141 ! TEXT in Baum MIXER 
LET MIXVOLZ4&=149 ! IMAGE in Baum MIXER 
LET MIXVOLL4&=150 ! BOX in Baum MIXER 
LET MIXVOLR4&=151 ! BOX in Baum MIXER 
LET MIXPKL4&=152 ! BOX in Baum MIXER 
LET MIXPKR4&=153 ! BOX in Baum MIXER 
LET MIXVOLT4&=154 ! BOXTEXT in Baum MIXER 
LET MIXVOLN4&=155 ! BOXTEXT in Baum MIXER 
LET MXBALBX4&=156 ! BOX in Baum MIXER 
LET MIXBALL4&=157 ! TEXT in Baum MIXER 
LET MIXBALR4&=158 ! TEXT in Baum MIXER 
LET MIXBALM4&=159 ! TEXT in Baum MIXER 
LET MIXBAL4&=160 ! USERDEF in Baum MIXER 
LET MIXBALP4&=161 ! IMAGE in Baum MIXER 
LET MIXTIT4&=162 ! BOXTEXT in Baum MIXER 
LET MIXBALT4&=163 ! BOXTEXT in Baum MIXER 
LET MIXBALN4&=164 ! BOXTEXT in Baum MIXER 
LET MIXON4&=165 ! USERDEF in Baum MIXER 
LET MIXALL4&=166 ! USERDEF in Baum MIXER 
LET MIXMUTE4&=167 ! USERDEF in Baum MIXER 
LET MIXTXT4&=168 ! BOXTEXT in Baum MIXER 
LET MIXBYP4&=169 ! USERDEF in Baum MIXER 
LET MIXBX5&=170 ! BOX in Baum MIXER 
LET MIXVBOX5&=171 ! BOX in Baum MIXER 
LET MIXFADE5&=172 ! USERDEF in Baum MIXER 
LET MIXVOL5&=173 ! USERDEF in Baum MIXER 
LET MIXDB5&=174 ! BOX in Baum MIXER 
LET MIXVOLD5&=178 ! TEXT in Baum MIXER 
LET MIXVOLM5&=182 ! TEXT in Baum MIXER 
LET MIXVOLZ5&=190 ! IMAGE in Baum MIXER 
LET MIXVOLL5&=191 ! BOX in Baum MIXER 
LET MIXVOLR5&=192 ! BOX in Baum MIXER 
LET MIXPKL5&=193 ! BOX in Baum MIXER 
LET MIXPKR5&=194 ! BOX in Baum MIXER 
LET MIXVOLT5&=195 ! BOXTEXT in Baum MIXER 
LET MIXVOLN5&=196 ! BOXTEXT in Baum MIXER 
LET MXBALBX5&=197 ! BOX in Baum MIXER 
LET MIXBALL5&=198 ! TEXT in Baum MIXER 
LET MIXBALR5&=199 ! TEXT in Baum MIXER 
LET MIXBALM5&=200 ! TEXT in Baum MIXER 
LET MIXBAL5&=201 ! USERDEF in Baum MIXER 
LET MIXBALP5&=202 ! IMAGE in Baum MIXER 
LET MIXTIT5&=203 ! BOXTEXT in Baum MIXER 
LET MIXBALT5&=204 ! BOXTEXT in Baum MIXER 
LET MIXBALN5&=205 ! BOXTEXT in Baum MIXER 
LET MIXON5&=206 ! USERDEF in Baum MIXER 
LET MIXALL5&=207 ! USERDEF in Baum MIXER 
LET MIXMUTE5&=208 ! USERDEF in Baum MIXER 
LET MIXTXT5&=209 ! BOXTEXT in Baum MIXER 
LET MYXBYP5&=210 ! USERDEF in Baum MIXER 
LET MIXBX6&=211 ! BOX in Baum MIXER 
LET MIXVBOX6&=212 ! BOX in Baum MIXER 
LET MIXFADE6&=213 ! USERDEF in Baum MIXER 
LET MIXVOL6&=214 ! USERDEF in Baum MIXER 
LET MIXDB6&=215 ! BOX in Baum MIXER 
LET MIXVOLD6&=219 ! TEXT in Baum MIXER 
LET MIXVOLM6&=223 ! TEXT in Baum MIXER 
LET MIXVOLZ6&=231 ! IMAGE in Baum MIXER 
LET MIXVOLL6&=232 ! BOX in Baum MIXER 
LET MIXVOLR6&=233 ! BOX in Baum MIXER 
LET MIXPKL6&=234 ! BOX in Baum MIXER 
LET MIXPKR6&=235 ! BOX in Baum MIXER 
LET MIXVOLT6&=236 ! BOXTEXT in Baum MIXER 
LET MIXVOLN6&=237 ! BOXTEXT in Baum MIXER 
LET MXBALBX6&=238 ! BOX in Baum MIXER 
LET MIXBALL6&=239 ! TEXT in Baum MIXER 
LET MIXBALR6&=240 ! TEXT in Baum MIXER 
LET MIXBALM6&=241 ! TEXT in Baum MIXER 
LET MIXBAL6&=242 ! USERDEF in Baum MIXER 
LET MIXBALP6&=243 ! IMAGE in Baum MIXER 
LET MIXTIT6&=244 ! BOXTEXT in Baum MIXER 
LET MIXBALT6&=245 ! BOXTEXT in Baum MIXER 
LET MIXBALN6&=246 ! BOXTEXT in Baum MIXER 
LET MIXON6&=247 ! USERDEF in Baum MIXER 
LET MIXALL6&=248 ! USERDEF in Baum MIXER 
LET MIXMUTE6&=249 ! USERDEF in Baum MIXER 
LET MIXTXT6&=250 ! BOXTEXT in Baum MIXER 
LET MYXBYP6&=251 ! USERDEF in Baum MIXER 
LET MIXBX7&=252 ! BOX in Baum MIXER 
LET MIXVBOX7&=253 ! BOX in Baum MIXER 
LET MIXFADE7&=254 ! USERDEF in Baum MIXER 
LET MIXVOL7&=255 ! USERDEF in Baum MIXER 
LET MIXDB7&=256 ! BOX in Baum MIXER 
LET MIXVOLD7&=260 ! TEXT in Baum MIXER 
LET MIXVOLM7&=264 ! TEXT in Baum MIXER 
LET MIXVOLZ7&=272 ! IMAGE in Baum MIXER 
LET MIXVOLL7&=273 ! BOX in Baum MIXER 
LET MIXVOLR7&=274 ! BOX in Baum MIXER 
LET MIXPKL7&=275 ! BOX in Baum MIXER 
LET MIXPKR7&=276 ! BOX in Baum MIXER 
LET MIXVOLT7&=277 ! BOXTEXT in Baum MIXER 
LET MIXVOLN7&=278 ! BOXTEXT in Baum MIXER 
LET MXBALBX7&=279 ! BOX in Baum MIXER 
LET MIXBALL7&=280 ! TEXT in Baum MIXER 
LET MIXBALR7&=281 ! TEXT in Baum MIXER 
LET MIXBALM7&=282 ! TEXT in Baum MIXER 
LET MIXBAL7&=283 ! USERDEF in Baum MIXER 
LET MIXBALP7&=284 ! IMAGE in Baum MIXER 
LET MIXTIT7&=285 ! BOXTEXT in Baum MIXER 
LET MIXBALT7&=286 ! BOXTEXT in Baum MIXER 
LET MIXBALN7&=287 ! BOXTEXT in Baum MIXER 
LET MIXON7&=288 ! USERDEF in Baum MIXER 
LET MIXALL7&=289 ! USERDEF in Baum MIXER 
LET MIXMUTE7&=290 ! USERDEF in Baum MIXER 
LET MIXTXT7&=291 ! BOXTEXT in Baum MIXER 
LET MIXBYP7&=292 ! USERDEF in Baum MIXER 
LET MIXBX8&=293 ! BOX in Baum MIXER 
LET MIXVBOX8&=294 ! BOX in Baum MIXER 
LET MIXFADE8&=295 ! USERDEF in Baum MIXER 
LET MIXVOL8&=296 ! USERDEF in Baum MIXER 
LET MIXDB8&=297 ! BOX in Baum MIXER 
LET MIXVOLD8&=301 ! TEXT in Baum MIXER 
LET MIXVOLM8&=305 ! TEXT in Baum MIXER 
LET MIXVOLZ8&=313 ! IMAGE in Baum MIXER 
LET MIXVOLL8&=314 ! BOX in Baum MIXER 
LET MIXVOLR8&=315 ! BOX in Baum MIXER 
LET MIXPKL8&=316 ! BOX in Baum MIXER 
LET MIXPKR8&=317 ! BOX in Baum MIXER 
LET MIXVOLT8&=318 ! BOXTEXT in Baum MIXER 
LET MIXVOLN8&=319 ! BOXTEXT in Baum MIXER 
LET MXBALBX8&=320 ! BOX in Baum MIXER 
LET MIXBALL8&=321 ! TEXT in Baum MIXER 
LET MIXBALR8&=322 ! TEXT in Baum MIXER 
LET MIXBALM8&=323 ! TEXT in Baum MIXER 
LET MIXBAL8&=324 ! USERDEF in Baum MIXER 
LET MIXBALP8&=325 ! IMAGE in Baum MIXER 
LET MIXTIT8&=326 ! BOXTEXT in Baum MIXER 
LET MIXBALT8&=327 ! BOXTEXT in Baum MIXER 
LET MIXBALN8&=328 ! BOXTEXT in Baum MIXER 
LET MIXON8&=329 ! USERDEF in Baum MIXER 
LET MIXALL8&=330 ! USERDEF in Baum MIXER 
LET MIXMUTE8&=331 ! USERDEF in Baum MIXER 
LET MIXTXT8&=332 ! BOXTEXT in Baum MIXER 
LET MIXBYP8&=333 ! USERDEF in Baum MIXER 
LET MIXBOX3&=334 ! BOX in Baum MIXER 
LET MIXLOAD&=335 ! USERDEF in Baum MIXER 
LET MIXSAVE&=336 ! USERDEF in Baum MIXER 
LET MIXHELP&=337 ! BOXTEXT in Baum MIXER 
LET DSICON&=338 ! USERDEF in Baum MIXER 
LET MIXAREC&=339 ! USERDEF in Baum MIXER 
LET MIXREC&=340 ! USERDEF in Baum MIXER 
LET MIXSTOP&=341 ! USERDEF in Baum MIXER 
LET MIXPLAY&=342 ! USERDEF in Baum MIXER 
LET MIXWAIT&=343 ! USERDEF in Baum MIXER 
LET MIXEXIT&=344 ! BUTTON in Baum MIXER 
LET MIXMAX&=345 ! BOXTEXT in Baum MIXER 
LET MIXMAXT&=346 ! TEXT in Baum MIXER 
LET MIXACT&=347 ! BOXTEXT in Baum MIXER 
LET MIXACTT&=348 ! TEXT in Baum MIXER 
LET MPKHSLID&=349 ! BOX in Baum MIXER 
LET MPKHBUT&=350 ! BUTTON in Baum MIXER 
LET MPKHL&=351 ! USERDEF in Baum MIXER 
LET MPKHR&=352 ! USERDEF in Baum MIXER 
LET MIXBXM&=353 ! BOX in Baum MIXER 
LET MIXVBOXM&=354 ! BOX in Baum MIXER 
LET MIXFADEM&=355 ! USERDEF in Baum MIXER 
LET MIXVOLM&=356 ! USERDEF in Baum MIXER 
LET MIXDBM&=357 ! BOX in Baum MIXER 
LET MIXVOLDM&=361 ! TEXT in Baum MIXER 
LET MIXVOLMM&=365 ! TEXT in Baum MIXER 
LET MIXVOLZM&=373 ! IMAGE in Baum MIXER 
LET MIXVOLLM&=374 ! BOX in Baum MIXER 
LET MIXVOLRM&=375 ! BOX in Baum MIXER 
LET MIXPKLM&=376 ! BOX in Baum MIXER 
LET MIXPKRM&=377 ! BOX in Baum MIXER 
LET MIXVOLTM&=378 ! BOXTEXT in Baum MIXER 
LET MIXVOLNM&=379 ! BOXTEXT in Baum MIXER 
LET MXBALBXM&=380 ! BOX in Baum MIXER 
LET MIXBALLM&=381 ! TEXT in Baum MIXER 
LET MIXBALRM&=382 ! TEXT in Baum MIXER 
LET MIXBALMM&=383 ! TEXT in Baum MIXER 
LET MIXBALM&=384 ! USERDEF in Baum MIXER 
LET MIXBALPM&=385 ! IMAGE in Baum MIXER 
LET MIXTITM&=386 ! BOXTEXT in Baum MIXER 
LET MIXBALTM&=387 ! BOXTEXT in Baum MIXER 
LET MIXBALNM&=388 ! BOXTEXT in Baum MIXER 
LET MIXONM&=389 ! USERDEF in Baum MIXER 
LET MIXALLM&=390 ! USERDEF in Baum MIXER 
LET MIXMUTEM&=391 ! USERDEF in Baum MIXER 
LET MIXTXTM&=392 ! BOXTEXT in Baum MIXER 
LET MIXBYPM&=393 ! USERDEF in Baum MIXER 
'LET FSEL&=4 ! Formular/Dialog
LET FSELBOX&=0 ! BOX in Baum FSEL 
LET FSELBOX2&=1 ! BOX in Baum FSEL 
LET FSBUT1&=2 ! BOXTEXT in Baum FSEL 
LET FSBUT2&=3 ! BOXTEXT in Baum FSEL 
LET FSBUT3&=4 ! BOXTEXT in Baum FSEL 
LET FSBUT4&=5 ! BOXTEXT in Baum FSEL 
LET FSBUT5&=6 ! BOXTEXT in Baum FSEL 
LET FSBUT6&=7 ! BOXTEXT in Baum FSEL 
LET FSBUT7&=8 ! BOXTEXT in Baum FSEL 
LET FSBUT8&=9 ! BOXTEXT in Baum FSEL 
LET FSBUT9&=10 ! BOXTEXT in Baum FSEL 
LET FSBUT10&=11 ! BOXTEXT in Baum FSEL 
LET FSBUT11&=12 ! BOXTEXT in Baum FSEL 
LET FSBUT12&=13 ! BOXTEXT in Baum FSEL 
LET FSBUT13&=14 ! BOXTEXT in Baum FSEL 
LET FSBUT14&=15 ! BOXTEXT in Baum FSEL 
LET FSBUT15&=16 ! BOXTEXT in Baum FSEL 
LET FSTXT1&=17 ! BOXTEXT in Baum FSEL 
LET FSTXT2&=18 ! BOXTEXT in Baum FSEL 
LET FSTXT3&=19 ! BOXTEXT in Baum FSEL 
LET FSTXT4&=20 ! BOXTEXT in Baum FSEL 
LET FSTXT5&=21 ! BOXTEXT in Baum FSEL 
LET FSTXT6&=22 ! BOXTEXT in Baum FSEL 
LET FSTXT7&=23 ! BOXTEXT in Baum FSEL 
LET FSTXT8&=24 ! BOXTEXT in Baum FSEL 
LET FSTXT9&=25 ! BOXTEXT in Baum FSEL 
LET FSTXT10&=26 ! BOXTEXT in Baum FSEL 
LET FSTXT11&=27 ! BOXTEXT in Baum FSEL 
LET FSTXT12&=28 ! BOXTEXT in Baum FSEL 
LET FSTXT13&=29 ! BOXTEXT in Baum FSEL 
LET FSTXT14&=30 ! BOXTEXT in Baum FSEL 
LET FSTXT15&=31 ! BOXTEXT in Baum FSEL 
LET FSSLIDE&=32 ! BOX in Baum FSEL 
LET FSSLDBUT&=33 ! BUTTON in Baum FSEL 
LET FSHELP&=34 ! BOXTEXT in Baum FSEL 
LET FSSLDUP&=36 ! USERDEF in Baum FSEL 
LET FSSLDDWN&=37 ! USERDEF in Baum FSEL 
LET NFSELTXT&=38 ! TEXT in Baum FSEL 
LET FSELBOX4&=39 ! BOX in Baum FSEL 
LET FSOK&=40 ! BUTTON in Baum FSEL 
LET FSEXIT&=41 ! BUTTON in Baum FSEL 
LET FSTIME&=42 ! BOXTEXT in Baum FSEL 
LET TFSEARCH&=43 ! BUTTON in Baum FSEL 
LET FSPLAY&=44 ! USERDEF in Baum FSEL 
LET FSMATIC&=45 ! USERDEF in Baum FSEL 
LET FSINS&=46 ! USERDEF in Baum FSEL 
LET FSDEL&=47 ! USERDEF in Baum FSEL 
LET FSLOAD&=48 ! USERDEF in Baum FSEL 
LET FSSAVE&=49 ! USERDEF in Baum FSEL 
LET FSCLF&=50 ! USERDEF in Baum FSEL 
LET FSSTOP&=51 ! USERDEF in Baum FSEL 
LET FSWAIT&=52 ! USERDEF in Baum FSEL 
LET FSEND&=53 ! USERDEF in Baum FSEL 
LET FSLPLAY&=54 ! USERDEF in Baum FSEL 
LET TFSABC&=55 ! USERDEF in Baum FSEL 
LET FSELBOX3&=56 ! BOX in Baum FSEL 
LET FSORDNER&=57 ! BUTTON in Baum FSEL 
LET FSOTXT&=58 ! BOXTEXT in Baum FSEL 
LET FSADD&=59 ! BUTTON in Baum FSEL 
LET FSNEW&=60 ! BUTTON in Baum FSEL 
